#-----------------------------------------------------------
# Vivado v2024.1 (64-bit)
# SW Build 5076996 on Wed May 22 18:37:14 MDT 2024
# IP Build 5075265 on Wed May 22 21:45:21 MDT 2024
# SharedData Build 5076995 on Wed May 22 18:29:18 MDT 2024
# Start of session at: Mon Sep 23 15:37:52 2024
# Process ID: 5988
# Current directory: C:/Users/leand/Desktop/RISC_V_UNISA/RISC_V_CPU_DSP/RISC_V_CPU_DSP.runs/impl_1
# Command line: vivado.exe -log CPU_DSP.vdi -applog -product Vivado -messageDb vivado.pb -mode batch -source CPU_DSP.tcl -notrace
# Log file: C:/Users/leand/Desktop/RISC_V_UNISA/RISC_V_CPU_DSP/RISC_V_CPU_DSP.runs/impl_1/CPU_DSP.vdi
# Journal file: C:/Users/leand/Desktop/RISC_V_UNISA/RISC_V_CPU_DSP/RISC_V_CPU_DSP.runs/impl_1\vivado.jou
# Running On        :leandrada08
# Platform          :Windows Server 2016 or Windows 10
# Operating System  :22631
# Processor Detail  :Apple Part 000 r0p0
# CPU Frequency     :2000 MHz
# CPU Physical cores:5
# CPU Logical cores :5
# Host memory       :8584 MB
# Swap memory       :4160 MB
# Total Virtual     :12745 MB
# Available Virtual :6299 MB
#-----------------------------------------------------------
source CPU_DSP.tcl -notrace
